[2026-05-16T15:49:11.898Z] Starting comprehensive E2E tests...
[2026-05-16T15:49:12.257Z] 
====== Test 1: 1. 首页加载测试 ======
[2026-05-16T15:49:16.371Z] Screenshot saved: /Users/airboom/Desktop/opencode/music-minimax/test-results/homepage-full.png
[2026-05-16T15:49:16.378Z] Homepage loaded, body length: 7430
[2026-05-16T15:49:16.378Z] ✓ Test 1 PASSED: 1. 首页加载测试
[2026-05-16T15:49:16.378Z] 
====== Test 2: 2. 导航测试 - 语言切换 zh/en/ja ======
[2026-05-16T15:49:19.349Z] Screenshot saved: /Users/airboom/Desktop/opencode/music-minimax/test-results/nav-zh.png
[2026-05-16T15:49:19.349Z] Chinese (zh) version loaded
[2026-05-16T15:49:22.469Z] Screenshot saved: /Users/airboom/Desktop/opencode/music-minimax/test-results/nav-en.png
[2026-05-16T15:49:22.470Z] English (en) version loaded
[2026-05-16T15:49:24.804Z] Screenshot saved: /Users/airboom/Desktop/opencode/music-minimax/test-results/nav-ja.png
[2026-05-16T15:49:24.805Z] Japanese (ja) version loaded
[2026-05-16T15:49:24.805Z] ✓ Test 2 PASSED: 2. 导航测试 - 语言切换 zh/en/ja
[2026-05-16T15:49:24.805Z] 
====== Test 3: 3. 聊天页面加载测试 ======
[2026-05-16T15:49:28.938Z] Screenshot saved: /Users/airboom/Desktop/opencode/music-minimax/test-results/chat-full.png
[2026-05-16T15:49:28.941Z] Chat page loaded, body length: 7672
[2026-05-16T15:49:28.941Z] ✓ Test 3 PASSED: 3. 聊天页面加载测试
[2026-05-16T15:49:28.941Z] 
====== Test 4: 4. 发送消息测试 ======
[2026-05-16T15:49:32.431Z] ❌ ✗ Test 4 FAILED: 4. 发送消息测试 - No input field found for sending message
[2026-05-16T15:49:32.431Z] 
====== Test 5: 5. AI 响应显示测试 - Markdown 渲染 ======
[2026-05-16T15:49:35.436Z] AI response contains Markdown elements: false
[2026-05-16T15:49:35.436Z] ✓ Test 5 PASSED: 5. AI 响应显示测试 - Markdown 渲染
[2026-05-16T15:49:35.436Z] 
====== Test 6: 6. 清除对话测试 ======
[2026-05-16T15:49:35.441Z] Clear button not found on this page
[2026-05-16T15:49:35.441Z] ✓ Test 6 PASSED: 6. 清除对话测试
[2026-05-16T15:49:35.441Z] 
====== Test 7: 7. 快捷按钮测试 - 爱情 ======
[2026-05-16T15:49:38.876Z] Quick lyrics button not found
[2026-05-16T15:49:38.877Z] ✓ Test 7 PASSED: 7. 快捷按钮测试 - 爱情
[2026-05-16T15:49:38.877Z] 
====== Test 8: 8. 歌词确认/修改测试 ======
[2026-05-16T15:49:38.878Z] Lyrics textarea not found
[2026-05-16T15:49:38.878Z] ✓ Test 8 PASSED: 8. 歌词确认/修改测试
[2026-05-16T15:49:38.880Z] 
====== Test 9: 9. 歌词区域显示/隐藏测试 ======
[2026-05-16T15:49:38.882Z] Lyrics toggle not found
[2026-05-16T15:49:38.882Z] ✓ Test 9 PASSED: 9. 歌词区域显示/隐藏测试
[2026-05-16T15:49:38.882Z] 
====== Test 10: 10. 生成按钮状态测试 ======
[2026-05-16T15:49:38.884Z] Generate button not found
[2026-05-16T15:49:38.884Z] ✓ Test 10 PASSED: 10. 生成按钮状态测试
[2026-05-16T15:49:38.884Z] 
====== Test 11: 11. 生成中 loading 状态测试 ======
[2026-05-16T15:49:39.888Z] Loading indicators found: 0
[2026-05-16T15:49:40.151Z] Screenshot saved: /Users/airboom/Desktop/opencode/music-minimax/test-results/generating.png
[2026-05-16T15:49:40.151Z] ✓ Test 11 PASSED: 11. 生成中 loading 状态测试
[2026-05-16T15:49:40.151Z] 
====== Test 12: 12. 生成失败错误处理测试 ======
[2026-05-16T15:49:40.154Z] Error elements found: 1
[2026-05-16T15:49:40.154Z] ✓ Test 12 PASSED: 12. 生成失败错误处理测试
[2026-05-16T15:49:40.154Z] 
====== Test 13: 13. 生成成功歌曲显示测试 ======
[2026-05-16T15:49:43.679Z] Screenshot saved: /Users/airboom/Desktop/opencode/music-minimax/test-results/song-ready.png
[2026-05-16T15:49:43.681Z] My songs page, body length: 7911
[2026-05-16T15:49:43.682Z] ✓ Test 13 PASSED: 13. 生成成功歌曲显示测试
[2026-05-16T15:49:43.682Z] 
====== Test 14: 14. 播放/暂停按钮测试 ======
[2026-05-16T15:49:43.684Z] Play button not found on this page
[2026-05-16T15:49:43.684Z] ✓ Test 14 PASSED: 14. 播放/暂停按钮测试
[2026-05-16T15:49:43.684Z] 
====== Test 15: 15. 进度条显示测试 ======
[2026-05-16T15:49:43.687Z] Progress bar elements found: 0
[2026-05-16T15:49:43.687Z] ✓ Test 15 PASSED: 15. 进度条显示测试
[2026-05-16T15:49:43.687Z] 
====== Test 16: 16. 播放完成状态测试 ======
[2026-05-16T15:49:45.693Z] Playback ended indicators: 0
[2026-05-16T15:49:45.694Z] ✓ Test 16 PASSED: 16. 播放完成状态测试
[2026-05-16T15:49:45.694Z] 
====== Test 17: 17. 登录页面加载测试 ======
[2026-05-16T15:49:49.259Z] Screenshot saved: /Users/airboom/Desktop/opencode/music-minimax/test-results/login-full.png
[2026-05-16T15:49:49.260Z] Login page loaded
[2026-05-16T15:49:49.260Z] ✓ Test 17 PASSED: 17. 登录页面加载测试
[2026-05-16T15:49:49.260Z] 
====== Test 18: 18. 登录表单验证测试 ======
[2026-05-16T15:49:50.551Z] Screenshot saved: /Users/airboom/Desktop/opencode/music-minimax/test-results/login-empty-submit.png
[2026-05-16T15:49:50.551Z] Empty login form submitted
[2026-05-16T15:49:50.551Z] ✓ Test 18 PASSED: 18. 登录表单验证测试
[2026-05-16T15:49:50.551Z] 
====== Test 19: 19. 登录成功/失败测试 ======
[2026-05-16T15:49:50.857Z] Screenshot saved: /Users/airboom/Desktop/opencode/music-minimax/test-results/login-filled.png
[2026-05-16T15:49:53.186Z] Screenshot saved: /Users/airboom/Desktop/opencode/music-minimax/test-results/login-result.png
[2026-05-16T15:49:53.186Z] Login attempted with wrong credentials
[2026-05-16T15:49:53.186Z] ✓ Test 19 PASSED: 19. 登录成功/失败测试
[2026-05-16T15:49:53.187Z] 
====== Test 20: 20. 注册页面加载测试 ======
[2026-05-16T15:49:57.554Z] Screenshot saved: /Users/airboom/Desktop/opencode/music-minimax/test-results/register-full.png
[2026-05-16T15:49:57.554Z] Register page loaded
[2026-05-16T15:49:57.554Z] ✓ Test 20 PASSED: 20. 注册页面加载测试
[2026-05-16T15:49:57.554Z] 
====== Test 21: 21. 注册表单验证测试 ======
[2026-05-16T15:49:58.856Z] Screenshot saved: /Users/airboom/Desktop/opencode/music-minimax/test-results/register-validation.png
[2026-05-16T15:49:58.856Z] Register validation tested
[2026-05-16T15:49:58.857Z] ✓ Test 21 PASSED: 21. 注册表单验证测试
[2026-05-16T15:49:58.857Z] 
====== Test 22: 22. 空消息发送测试 ======
[2026-05-16T15:50:32.377Z] ❌ ✗ Test 22 FAILED: 22. 空消息发送测试 - locator.fill: Timeout 30000ms exceeded.
Call log:
[2m  - waiting for locator('textarea, input[type="text"], input:not([type])').first()[22m

[2026-05-16T15:50:32.377Z] 
====== Test 23: 23. 超长消息测试 - 1000字符 ======
[2026-05-16T15:51:02.384Z] ❌ ✗ Test 23 FAILED: 23. 超长消息测试 - 1000字符 - locator.fill: Timeout 30000ms exceeded.
Call log:
[2m  - waiting for locator('textarea, input[type="text"]').first()[22m

[2026-05-16T15:51:02.384Z] 
====== Test 24: 24. 特殊字符消息测试 - emoji和特殊符号 ======
[2026-05-16T15:51:32.386Z] ❌ ✗ Test 24 FAILED: 24. 特殊字符消息测试 - emoji和特殊符号 - locator.fill: Timeout 30000ms exceeded.
Call log:
[2m  - waiting for locator('textarea, input[type="text"]').first()[22m

[2026-05-16T15:51:32.387Z] 
====== Test 25: 25. 快速连续点击测试 - 5秒内10次 ======
[2026-05-16T15:51:35.240Z] Screenshot saved: /Users/airboom/Desktop/opencode/music-minimax/test-results/rapid-clicks.png
[2026-05-16T15:51:35.240Z] Completed 10 rapid clicks
[2026-05-16T15:51:35.240Z] ✓ Test 25 PASSED: 25. 快速连续点击测试 - 5秒内10次
[2026-05-16T15:51:35.377Z] 

============================================================
[2026-05-16T15:51:35.377Z] ========== FINAL TEST SUMMARY ==========
[2026-05-16T15:51:35.377Z] Total tests: 25
[2026-05-16T15:51:35.377Z] Passed: 21
[2026-05-16T15:51:35.377Z] Failed: 4
[2026-05-16T15:51:35.377Z] Bugs found: 0
[2026-05-16T15:51:35.377Z] 
=== ALL SCREENSHOTS ===
[2026-05-16T15:51:35.377Z] Screenshots saved to: /Users/airboom/Desktop/opencode/music-minimax/test-results